// Jest Snapshot v1, https://goo.gl/fbAQLP

exports[`Component something 1`] = `
<p>
   Recommended IDE setup: 
  <a
    href="https://code.visualstudio.com/"
    target="_blank"
  >
    VSCode
  </a>
   + 
  <a
    href="https://github.com/johnsoncodehk/volar"
    target="_blank"
  >
    Volar
  </a>
</p>
`;
